// Jest Snapshot v1, https://goo.gl/fbAQLP

exports[`EmailField EmailField render 1`] = `<ReduxForm />`;
