// Jest Snapshot v1, https://goo.gl/fbAQLP

exports[`LetterField LetterField render 1`] = `<ReduxForm />`;
