// Jest Snapshot v1, https://goo.gl/fbAQLP

exports[`BreadcrumbNav deve renderizar corretamente 1`] = `
.emotion-4 {
  list-style: none;
  padding: 0;
  margin: 0;
}

.emotion-1 {
  display: inline-block;
  color: #666666;
  margin-right: .25rem;
}

.emotion-1:not(:last-child)::after {
  margin-left: .25rem;
  content: "Â»";
}

.emotion-1:last-child a {
  pointer-events: none;
  color: #056DFF;
}

.emotion-0 {
  color: #666666;
  -webkit-text-decoration: none;
  text-decoration: none;
  font-weight: bold;
  font-size: 0.75rem;
  -webkit-transition: all .2s;
  transition: all .2s;
  display: inline-block;
}

.emotion-0:hover {
  color: #056DFF;
}

<nav
  aria-label="Breadcrumbs"
  role="navigation"
>
  <ol
    class="emotion-4"
  >
    <li
      class="emotion-1"
    >
      <a
        class="emotion-0"
        href="/"
      >
        Entry #1
      </a>
    </li>
    <li
      class="emotion-1"
    >
      <a
        class="emotion-0"
        href="/second"
      >
        Entry #2
      </a>
    </li>
  </ol>
</nav>
`;
