// Jest Snapshot v1, https://goo.gl/fbAQLP

exports[`deve renderizar corretamente 1`] = `
.emotion-2 {
  -webkit-text-decoration: none;
  text-decoration: none;
  background-color: transparent;
  border: none;
  border-radius: 4px;
  color: #666666;
  cursor: pointer;
  display: -webkit-inline-box;
  display: -webkit-inline-flex;
  display: -ms-inline-flexbox;
  display: inline-flex;
  padding: 0;
  position: relative;
  -webkit-user-select: none;
  -moz-user-select: none;
  -ms-user-select: none;
  user-select: none;
  -webkit-transition: all .2s;
  transition: all .2s;
  -webkit-transform: translate3d(0,0,0);
  -ms-transform: translate3d(0,0,0);
  transform: translate3d(0,0,0);
}

.emotion-2 span {
  display: -webkit-inline-box;
  display: -webkit-inline-flex;
  display: -ms-inline-flexbox;
  display: inline-flex;
  -webkit-transition: color .2s;
  transition: color .2s;
}

.emotion-2:disabled {
  opacity: 0.5;
}

.emotion-2:focus {
  outline: none;
  box-shadow: 0 0 0 2px #056DFF;
}

.emotion-1 {
  display: -webkit-inline-box;
  display: -webkit-inline-flex;
  display: -ms-inline-flexbox;
  display: inline-flex;
}

.emotion-0 {
  fill: currentColor;
  font-size: 1.5rem;
}

<a
  class="emotion-2"
  href="/"
>
  <span
    class="emotion-1"
  >
    <svg
      aria-hidden="true"
      class="emotion-0"
      height="1em"
      viewBox="0 0 24 24"
      width="1em"
    >
      <g
        id="Editar"
      >
        <path
          d="M4 17.18L4.01 20h2.83L18.01 8.83 15.18 6 4 17.18zM19.72 5.61l-1.33-1.33a.94.94 0 0 0-1.33 0L16 5.33 18.67 8l1-1.06a.94.94 0 0 0 .05-1.33z"
        />
      </g>
    </svg>
  </span>
</a>
`;
