// Jest Snapshot v1, https://goo.gl/fbAQLP

exports[`Linha render 1`] = `
<hr
  className=""
/>
`;

exports[`Linha render com tamanho m√©dio 1`] = `
<hr
  className="medium"
/>
`;
