// Jest Snapshot v1, https://goo.gl/fbAQLP

exports[`should render correctly 1`] = `
<HFlow
  alignItems="center"
  hSpacing={0.5}
>
  <Component
    kind="normal"
    onClick={[Function]}
    size="small"
    skin="ghost"
    tabIndex={-1}
  >
    <Component
      icon="angleLeft"
      size={1.5}
    />
  </Component>
  Oct
  <Component
    kind="normal"
    onClick={[Function]}
    size="small"
    skin="ghost"
    tabIndex={-1}
  >
    <Component
      icon="angleRight"
      size={1.5}
    />
  </Component>
</HFlow>
`;
