// Jest Snapshot v1, https://goo.gl/fbAQLP

exports[`NumberField Field render 1`] = `
.emotion-0 {
  background-color: #ffffff;
  border: solid 1px #cccccc;
  border-radius: 2px;
  font-family: "Noto Sans",sans-serif;
  font-size: 0.75rem;
  line-height: 1rem;
  padding: calc(0.5rem - 1px) 1rem;
  width: 100%;
}

.emotion-0::-webkit-input-placeholder {
  color: #cccccc;
}

.emotion-0::-moz-placeholder {
  color: #cccccc;
}

.emotion-0:-ms-input-placeholder {
  color: #cccccc;
}

.emotion-0::placeholder {
  color: #cccccc;
}

.emotion-0:disabled {
  background-color: #f2f2f7;
}

.emotion-0:not(:disabled):hover {
  border-color: #999999;
}

.emotion-0:not(:disabled):focus {
  border-color: #056DFF;
  outline: none;
}

.emotion-0:not(:disabled):active {
  border-color: #056DFF;
  box-shadow: 0 2px 4px 0 rgba(0,0,0,0.09);
}

<div
  data-name="number"
>
  <div>
    <input
      class="emotion-0"
      name="number"
      type="text"
      value=""
    />
  </div>
</div>
`;
