// Jest Snapshot v1, https://goo.gl/fbAQLP

exports[`deve renderizar corretamente 1`] = `
.emotion-0 {
  background-color: #ffffff;
  border: 1px solid #b3b3b3;
  border-radius: 4px;
  color: #808080;
  cursor: pointer;
  display: inline-block;
  font-family: "Noto Sans",sans-serif;
  position: relative;
  -webkit-user-select: none;
  -moz-user-select: none;
  -ms-user-select: none;
  user-select: none;
  font-size: 0.75rem;
  font-weight: bold;
  -webkit-letter-spacing: 1px;
  -moz-letter-spacing: 1px;
  -ms-letter-spacing: 1px;
  letter-spacing: 1px;
  padding: 1rem 2.5rem;
  text-transform: uppercase;
  -webkit-transition: all .2s;
  transition: all .2s;
  text-decoration: none;
}

.emotion-0 span {
  -webkit-transition: all .2s;
  transition: all .2s;
}

.emotion-0:not(:disabled):active {
  box-shadow: inset 0 2px 8px 0 rgba(0,0,0,.1);
}

.emotion-0:disabled {
  opacity: 0.5;
}

.emotion-0:focus {
  border: 1px solid #056DFF;
  outline: none;
}

<a
  class="emotion-0"
  href="/"
>
  Link to home
</a>
`;
