// Jest Snapshot v1, https://goo.gl/fbAQLP

exports[`NumberField NumberField render 1`] = `<ReduxForm />`;
