// Jest Snapshot v1, https://goo.gl/fbAQLP

exports[`PasswordInput render 1`] = `
<Input
  type="password"
/>
`;
