// Jest Snapshot v1, https://goo.gl/fbAQLP

exports[`TextField deve ser renderizado de forma correta 1`] = `<ReduxForm />`;
