// Jest Snapshot v1, https://goo.gl/fbAQLP

exports[`should accept the render prop 1`] = `<div />`;

exports[`should render correctly 1`] = `
.emotion-27 {
  width: 100%;
  border-collapse: collapse;
  font-size: 0.75rem;
  border: 1px solid #F2F2F7;
}

.emotion-27 tr:hover td {
  background: #F2F2F7;
}

.emotion-3 {
  text-align: left;
  padding: 0.5rem 1rem;
  border-bottom: 1px solid #F2F2F7;
}

.emotion-2 {
  display: -webkit-inline-box;
  display: -webkit-inline-flex;
  display: -ms-inline-flexbox;
  display: inline-flex;
  -webkit-align-items: center;
  -webkit-box-align: center;
  -ms-flex-align: center;
  align-items: center;
  cursor: pointer;
}

.emotion-1 {
  display: -webkit-inline-box;
  display: -webkit-inline-flex;
  display: -ms-inline-flexbox;
  display: inline-flex;
  margin-left: 0.25rem;
}

.emotion-0 {
  fill: #056DFF;
  font-size: 1rem;
}

.emotion-8 {
  fill: #DCDCE0;
  font-size: 1rem;
}

.emotion-14 {
  text-align: left;
  padding: 0 1rem;
  height: 2.5rem;
  border-bottom: 1px solid #F2F2F7;
}

.emotion-16 {
  text-align: left;
  padding: 0 1rem;
  height: 2.5rem;
  border-bottom: 1px solid #F2F2F7;
  text-align: right;
}

<table
  class="emotion-27"
>
  <thead
    class="emotion-12"
  >
    <tr
      class="emotion-12"
    >
      <th
        class="emotion-3"
        data-name="id"
      >
        <span
          class="emotion-2"
        >
          ID
          <span
            class="emotion-1"
          >
            <svg
              aria-hidden="true"
              class="emotion-0"
              height="1em"
              viewBox="0 0 24 24"
              width="1em"
            >
              <path
                d="M5.64 9.53l1.41-1.42L12 13.06l4.95-4.95 1.41 1.42L12 15.89 5.64 9.53z"
              />
            </svg>
          </span>
        </span>
      </th>
      <th
        class="emotion-3"
        data-name="name"
      >
        <span
          class="emotion-2"
        >
          Name
          <span
            class="emotion-1"
          >
            <svg
              aria-hidden="true"
              class="emotion-0"
              height="1em"
              viewBox="0 0 24 24"
              width="1em"
            >
              <path
                d="M18.36 14.47l-1.41 1.42L12 10.94l-4.95 4.95-1.41-1.42L12 8.11l6.36 6.36z"
              />
            </svg>
          </span>
        </span>
      </th>
      <th
        class="emotion-3"
        data-name="age"
      >
        <span
          class="emotion-2"
        >
          Age
          <span
            class="emotion-1"
          >
            <svg
              aria-hidden="true"
              class="emotion-8"
              height="1em"
              viewBox="0 0 24 24"
              width="1em"
            >
              <path
                d="M18.36 8.47l-1.41 1.42L12 4.94 7.05 9.89 5.64 8.47 12 2.11l6.36 6.36zM5.64 15.53l1.41-1.42L12 19.06l4.95-4.95 1.41 1.42L12 21.89l-6.36-6.36z"
              />
            </svg>
          </span>
        </span>
      </th>
    </tr>
  </thead>
  <tbody
    class="emotion-12"
  >
    <tr
      class="emotion-12"
    >
      <td
        class="emotion-14"
      >
        1
      </td>
      <td
        class="emotion-14"
      >
        MARIA MACHADO DE JESUS
      </td>
      <td
        class="emotion-16"
      >
        42
      </td>
    </tr>
    <tr
      class="emotion-12"
    >
      <td
        class="emotion-14"
      >
        2
      </td>
      <td
        class="emotion-14"
      >
        JOSÃ‰ DA SILVA MOREIRA
      </td>
      <td
        class="emotion-16"
      >
        34
      </td>
    </tr>
    <tr
      class="emotion-12"
    >
      <td
        class="emotion-14"
      >
        3
      </td>
      <td
        class="emotion-14"
      >
        ALICE BARBOSA
      </td>
      <td
        class="emotion-16"
      >
        27
      </td>
    </tr>
  </tbody>
</table>
`;
